

  This file contains two lists: The first is a list by archive, showing which
  files are in each of the FILESxx archives. The second is an alphabetical
  listing of all files and what archive they are stored in.  If needed, use
  the supplied archive program (on disk one) to extract a specific file.


Files on disk 1 or contained in FILES1.LZH on disk 1
====================================================
     APLHA.OBJ      - Lha compression/decompression code
     APRO.TPH       - Apro help in Borland format
     BACKO.EXE      - Background protocol TSR executable
     COMTEST.EXE    - COMM Test demo program
     CVTPCL.LZH     - Bonus - Converts PCL files
     FASTUPD.203    - Info for EMS patch users

     LHA.EXE        - Archive program
     LHA.HLP        - Archive program documentation file

     MODDEMO.EXE    - Modem database demonstration

     OOPCOM.EXE     - OOPCOM executable
     OOPCOM.OVR     - OOPCOM overlay

     OOPINST.EXE    - OOPCOM config program
     POPHELP.EXE    - Pop-Up help system
     PRINTDOC.EXE   - Text file print utility

     READ.1ST       - Latest news about APRO 2.0
     READ.ME        - General read me file

     RFAXO.EXE      - Background fax receive demo
     SIMPCOM.DAT    - Data file for SIMPCOM

     TPFAX.EXE      - TPFAX - OPRO based fax send demo
     TPFAX.PB       - TPFAX - phone book file

Files on disk 2 or contained in FILES2.LZH on disk 2
====================================================
     APABSFAX.TXT   - Apro help text file

     APABSPCL.PAS   - Base protocol support unit
     APABSPCL.TXT   - Apro help text file

     APARCHIV.TXT   - Apro help text file
     APBPLUS.PAS    - B+ file transfer protocol unit

     APCOM.PA1      - Non-OOP interface layer
     APCOM.TXT      - Apro help text file

     APDIGI14.PAS   - DigiBoard device layer
     APFAX12.PAS    - Class 1 and 2 fax unit
     APFAXCAS.PAS   - CAS fax unit

     APFAXCVT.PA0   - Fax converter interface unit
     APFAXCVT.PAS   - Fax converter unit
     APFAXCVT.TXT   - Apro help text file

     APFAXPRN.PAS   - Fax printing support unit
     APFOSSIL.PAS   - FOSSIL device layer

     APKERMIT.PA1   - KERMIT file transfer protocol unit
     APKERMIT.PA2   - KERMIT file transfer protocol unit

     APLHA.ASM      - Lha compression/decompression code

     APLZH.ASM      - Lzh compression/decompression code
     APLZH.PA1      - Lzh compression/decompression unit
     APLZH.PA2      - Lzh compression/decompression unit
     APLZH.TXT      - Apro help text file

     APMISC.PA0     - Global constants and utilities
     APMISC.PAS     - Global constants and utilities
     APMISC.TXT     - Apro help text file

     APMODEM.PA1    - Modem handling unit
     APMODEM.PAS    - Modem handling unit
     APMODEM.TXT    - Apro help text file

     APMODEM2.PAS   - Modem control

     APPORT.PA0     - Port handling unit interface
     APPORT.PAS     - Port handling unit
     APPORT.TXT     - Apro help text file

     APROIND.TXT    - Apro extended index file

     APUART.ASM     - UART ISR and unit asm file
     APUART.PAS     - UART unit

     APXMODEM.PAS   - XModem file transfer protocol unit
     APYMODEM.PAS   - YModem file transfer protocol unit

     APZIP.PA1      - Zip compression/decompression unit
     APZIP.PA2      - Zip compression/decompression unit
     APZIP.PA3      - Zip compression/decompression unit
     APZIP.PA4      - Zip compression/decompression unit
     APZIP.TXT      - Apro help text file

     APZMODEM.PA2   - ZModem file transfer protocol unit
     BACK.PAS       - Background protocol TSR
     BACKO.PAS      - Background protocol TSR
     CAS12.COM      - Bonus - CAS spec version 1.2
     COMTEST.PAS    - COMM Test demo program
     COMTESTO.PAS   - COMM test demo program
     DLGSTUFF.PAS   - TpFax program source
     DPMI.PAS       - P-Mode support unit
     EXDOOR.LZH     - Bonus - BBS door units
     FAXSRVR.PAS    - Fax receive server demo
     FAXSRVRO.PAS   - Fax receive server demo
     FX.PAS         - File transfer demo program
     FXO.PAS        - File transfer demo program
     INITOOLS.PAS   - TpFax program source
     INTLOG.LZH     - Bonus - Interrupt tracking utility
     MAKEHELP.EXE   - Help compiler
     MEGAPAGA.EXE   - Utility to add index refs to help
     MODDEMO.PAS    - Modem database demonstration
     MODEM2.DOC     - Documentation for new modem units
     OOABSFAX.PAS   - Base fax unit
     OOABSPCL.PAS   - Base protocol support unit
     OOBPLUS.PAS    - B+ file transfer protocol unit

     OOCOM.PA1      - OOP interface layer
     OOCOM.PA2      - OOP interface layer

     OOFAX12.PAS    - Class 1 and 2 fax unit
     OOFAXCAS.PAS   - CAS fax unit
     OOFAXCMP.LZH   - Bonus - Fax file composer program
     OOFAXCVT.PAS   - Fax converter unit
     OOFAXPRN.PAS   - Fax printing support unit
     OOINI.PA0      - Basic INI file access

     OOKERMIT.PA1   - KERMIT file transfer protocol unit
     OOKERMIT.PA2   - KERMIT file transfer protocol init

     OOLZH.ASM      - Lzh compression/decompression code
     OOLZH.PA1      - Lzh compression/decompression unit
     OOLZH.PA2      - Lzh compression/decompression unit

     OOMODEM.PA1    - Modem handling unit
     OOMODEM.PAS    - Modem handling unit

     OOMODEM2.PAS   - Modem control

     OOPCOM.HLP     - OOPCOM compiled help
     OOPCOM.TXT     - OOPCOM help text file

     OOPINSTM.PA1   - OOPCOM install program source
     OOPINSTM.PAS   - OOPCOM install program source

     OOPMAIN.PA1    - OOPCOM program source
     OOPMAIN.PA2    - OOPCOM program source
     OOPMAIN.PA3    - OOPCOM program source
     OOPMAIN.PAS    - OOPCOM program source
     OOPMAIN.PCD    - OOPCOM program source

     OOPMAIN2.PAS   - OOPCOM program source
     OOUI.PAS       - OOPCOM program source
     OOXMODEM.PAS   - XModem file transfer protocol unit
     OOYMODEM.PAS   - YModem file transfer protocol unit

     OOZIP.PA1      - Zip compression/decompression unit
     OOZIP.PA2      - Zip compression/decompression unit
     OOZIP.PA3      - Zip compression/decompression unit
     OOZIP.PA4      - Zip compression/decompression unit

     OOZMODEM.PA2   - ZModem file transfer protocol unit
     OOZMODEM.PAS   - ZModem file transfer protocol unit

     PATCH.EXE      - Bonus - Utility for electronic updates
     PROTDOC.LZH    - Bonus - Protocol documentation
     QCOM.LZH       - Bonus - DOS comm spy utility
     RFAX.PAS       - Background fax receive TSR
     RFAXO.PAS      - Background fax receive TSR
     RMTCTL.LZH     - Bonus - Remote control utility
     SCRIPT.LZH     - Bonus - Script engine
     SHOWFAX.PAS    - Fax display demo
     SHOWFAXO.PAS   - Fax display demo
     SIMPCOM.PAS    - Simple OOP communications demo
     SIMPSND.PAS    - Fax send demo
     SIMPSNDO.PAS   - Fax send demo
     SPECIALS.TXT   - Apro help text file
     TERMTEST.PAS   - Terminal window example

     TERMWIN.PAS    - Terminal window unit
     TERMWIN.TXT    - Apro help text file

     TPFAX.OVR      - TPFAX - overlay file
     TPFDATA.PAS    - TpFax program source
     TPFDIA.PAS     - TpFax program source
     TPFMAIN.PAS    - TpFax program source
     TXBROWSE.PAS   - FAXSRVR common source

Files on disk 3 or contained in FILES3.LZH on disk 3
====================================================
     APABSFAX.PA0   - Base fax interface unit
     APABSFAX.PAS   - Base fax unit

     APABSPCL.PA0   - Base protocol support unit

     APANSI.PAS     - ANSI support unit
     APANSI.TXT     - Apro help text file

     APARCHIV.PA0   - Archive unit
     APARCHIV.PAS   - Archive unit

     APASCII.PA0    - ASCII file transfer protocol unit
     APASCII.PAS    - ASCII file transfer protocol unit
     APASCII.TXT    - Apro help text file

     APBPLUS.PA0    - B+ file transfer protocol unit
     APBPLUS.TXT    - Apro help text file

     APCOM.PA0      - Non-OOP interface layer
     APCOM.PA2      - Non-OOP interface layer
     APCOM.PAS      - Non-OOP interface layer

     APCOMD.PAD     - Basic communications DLL source
     APCOMD.PAS     - Basic communications import unit

     APCONFIG.1     - APUART.ASM standard configuration
     APCONFIG.2     - APUART.ASM standard logging config
     APCONFIG.3     - APUART.ASM status config
     APCONFIG.4     - APUART.ASM status logging config
     APCONFIG.5     - APUART.ASM hardware flow only config
     APCONFIG.6     - APUART.ASM software flow only config
     APCONFIG.7     - APUART.ASM basic config
     APCONFIG.9     - APUART.ASM user defined config
     APCONFIG.ASM   - APUART.ASM configuration file

     APCOUR.PAS     - USR Courier modem unit
     APDEFINE.INC   - Apro global setup and defines

     APDIGI14.PA0   - DigiBoard device layer interface
     APDIGI14.TXT   - Apro help text file

     APFAX.FNT      - Standard fax font file
     APFAX.OBJ      - OBJ version of fax font for linking

     APFAX12.PA0    - Class 1 and 2 fax interface unit
     APFAX12.TXT    - Apro help text file

     APFAXCAS.PA0   - CAS fax interface unit
     APFAXCAS.TXT   - Apro help text file

     APFAXD.PAD     - Fax DLL source
     APFAXD.PAS     - Fax DLL import unit

     APFOSSIL.PA0   - FOSSIL device layer interface
     APFOSSIL.TXT   - Apro help text file

     APINI.PA0      - Basic INI file access
     APINI.PAS      - Basic INI file access

     APINIDB.PA0    - INI database access
     APINIDB.PAS    - INI database access

     APINT14.PA0    - INT 14 device layer interface
     APINT14.PAS    - INT 14 device layer
     APINT14.TXT    - Apro help text file

     APKERMIT.PA0   - KERMIT file transfer protocol unit
     APKERMIT.PAS   - KERMIT file transfer protocol unit
     APKERMIT.TXT   - Apro help text file

     APLZH.OBJ      - Lzh compression/decompression code
     APLZH.PA0      - Lzh compression/decompression unit
     APLZH.PA3      - Lzh compression/decompression unit
     APLZH.PAS      - Lzh compression/decompression code

     APLZHD.PAD     - Lzh Compression DLL source
     APLZHD.PAS     - Lzh Compression DLL import unit

     APMCOM.PAS     - Microcom modem unit
     APMISC.PA1     - Global constants and utilities

     APMODDB.PA0    - Modem database access
     APMODDB.PAS    - Modem database access

     APMODEM2.PA0   - Modem control

     APPROTD.PAD    - Protocol DLL source
     APPROTD.PAS    - Protocol DLL import unit

     APRO.MAK       - Apro procedure version make file
     APRO.TXT       - Apro help text file

     APROO.MAK      - Apro OOP version make file

     APTFDD.PAS     - Text file device driver unit
     APTFDD.TXT     - Apro help text file

     APTIMER.PA0    - Timer unit interface
     APTIMER.PAS    - Timer unit
     APTIMER.TXT    - Apro help text file

     APUART.PA0     - UART unit interface
     APUART.TXT     - Apro help text file

     APUART1.OBJ    - UART ISR and unit obj file
     APUART2.OBJ    - UART ISR and unit obj file
     APUART3.OBJ    - UART ISR and unit obj file
     APUART4.OBJ    - UART ISR and unit obj file
     APUART5.OBJ    - UART ISR and unit obj file
     APUART6.OBJ    - UART ISR and unit obj file
     APUART7.OBJ    - UART ISR and unit obj file
     APUART9.OBJ    - UART ISR and unit obj file

     APXMODEM.PA0   - XModem file transfer protocol unit
     APXMODEM.TXT   - Apro help text file

     APYMODEM.PA0   - YModem file transfer protocol unit
     APYMODEM.TXT   - Apro help text file

     APZIP.PA0      - Zip compression/decompression unit
     APZIP.PAS      - Zip compression/decompression unit

     APZIPD.PAD     - Zip Compression DLL source
     APZIPD.PAS     - Zip Compression DLL import unit

     APZMODEM.PA0   - ZModem file transfer protocol unit
     APZMODEM.PA1   - ZModem file transfer protocol unit
     APZMODEM.PAS   - ZModem file transfer protocol unit
     APZMODEM.TXT   - Apro help text file

     AWMODEM.INI    - Modem database
     CHECKIRQ.LZH   - Bonus - IRQ checking utility
     COMUTIL.PAS    - Support unit for SIMPCOM
     CTWTEST.PAS    - CaptureTerminalWindow example
     CVT2FAX.PAS    - Text to fax converter demo
     CVT2FAXO.PAS   - Text to fax converter demo
     DTEST.PAS      - Terminal window example
     DTESTO.PAS     - DigiBoard terminal/protocol example

     ERRORS.ASM     - TpFax program source
     ERRORS.OBJ     - TpFax program source

     EXANSI.PAS     - ANSI demo program source
     EXANSWER.PAS   - Modem answer example
     EXANSWRO.PAS   - Modem answer example
     EXBPLUS.PAS    - B+ protocol example
     EXBPLUSO.PAS   - B+ example program
     EXCORE.PAS     - Core routines demo program source
     EXCVT.PAS      - Fax convert example program
     EXCVTO.PAS     - Fax convert example program
     EXDIAL.PAS     - Modem dial example
     EXDIALER.PAS   - OPRO based dialer example
     EXDIALO.PAS    - Modem dial example
     EXEMU.PAS      - TerminalEmulator example
     EXINI.PAS      - INI file access example
     EXINIDB.PAS    - INI database example
     EXINIDBO.PAS   - INI database example
     EXINIO.PAS     - INI file access example
     EXLOAD1.PAS    - Stream load example
     EXLZH.PAS      - Lzh compress example program
     EXLZHO.PAS     - Lzh compress example program
     EXMODDB.PAS    - Modem database example
     EXMODDBO.PAS   - Modem database example
     EXSEND.PAS     - Fax send example program
     EXSENDO.PAS    - Fax send example program
     EXSTORE1.PAS   - Stream store example
     EXTERM.PAS     - Terminal example
     EXTERMO.PAS    - Terminal example
     EXTFDD.PAS     - Text File Device Driver example
     EXTFDDO.PAS    - Text File Device Driver example
     EXTIMER.PAS    - Timer demo program source
     EXTRACE.PAS    - Tracing example
     EXTRACEO.PAS   - Trace example
     EXXFR.PAS      - Protocol transfer example
     EXXFR1.PAS     - Protocol transfer example
     EXXFR2.PAS     - Protocol transfer example
     EXXFR3.PAS     - Protocol transfer example
     EXXFRO.PAS     - Protocol transfer example
     EXXFRO1.PAS    - Protocol transfer example
     EXXFRO2.PAS    - Protocol transfer example
     EXXFRO3.PAS    - Protocol transfer example
     EXZIP.PAS      - Zip compress example program
     EXZIPO.PAS     - Zip compress example program

     FASTW1.ASM     - Fast screen management asm file
     FASTW1.OBJ     - Fast screen management obj file
     FASTW1.PAS     - Fast screen management unit

     FAX2PCX.PAS    - Fax convert to pcx demo
     FAX2PCXO.PAS   - Fax convert to pcx demo
     FAXDATA.LZH    - Bonus - Detects fax vs data calls
     FAXSRVR.INI    - Fax receive server demo
     FAXSRVRO.INI   - Fax receive server demo
     FNTDOC.LZH     - Bonus - Doc file for APFAX.FNT format
     FSCLIST.PAS    - FAXSRVR common source
     FSINI.PAS      - FAXSRVR common source
     FSMISC.PAS     - FAXSRVR common source
     FTEST.PAS      - FOSSIL terminal/protocol example
     FTESTO.PAS     - FOSSIL terminal/protocol example
     LEAKCHEK.PAS   - Internal memory leak check unit
     LZH.PAS        - Lzh compress demo program
     LZHEXT.PAS     - Lzh extract example program
     LZHEXTO.PAS    - Lzh extract example program
     LZHLIST.PAS    - Lzh list example program
     LZHLISTO.PAS   - Lzh list example program
     LZHO.PAS       - Lzh compress demo program
     LZHV.PAS       - Lzh view demo program
     LZHVO.PAS      - Lzh view demo program
     LZHX.PAS       - Lzh extract demo program
     LZHXO.PAS      - Lzh extract demo program

     MODEM.LZH      - Bonus - List of faxmodems
     MODEM.OPL      - OOPCOM support file

     MODEMID.LZH    - Bonus - Modem ID bonus program
     MODLIB.LZH     - Bonus - Creates OOPCOM's modem library
     OOARCHIV.PAS   - Archive unit
     OOASCII.PAS    - ASCII file transfer protocol unit
     OOCOM.PAS      - OOP interface layer

     OOEMU.PAS      - Emulator unit
     OOEMU.TXT      - Apro help text file

     OOINI.PAS      - Basic INI file access
     OOINIDB.PAS    - INI database access
     OOKERMIT.PAS   - KERMIT file transfer protocol unit

     OOLZH.OBJ      - Lzh compression/decompression code
     OOLZH.PA3      - Lzh compression/decompression unit
     OOLZH.PAS      - Lzh compression/decompression unit

     OOMODDB.PAS    - Modem database access

     OOPCOM.CFG     - OOPCOM configuration file
     OOPCOM.PAS     - OOPCOM main program source
     OOPCOM.PB      - OOPCOM phonebook

     OOPINST.PAS    - OOPCOM install program source
     OOPMAIN0.PAS   - OOPCOM program source
     OOPMAIN1.PAS   - OOPCOM program source
     OOTFDD.PAS     - Text file device driver unit
     OOUI.PCD       - OOPCOM program source
     OOZIP.PAS      - Zip compression/decompression unit
     OOZMODEM.PA1   - ZModem file transfer protocol unit

     OPDIALER.DOC   - OPRO-based dialer documentation
     OPDIALER.PAS   - OPRO-based dialer

     OPXTREE.PAS    - TpFax program source
     OVERINIT.PAS   - OOPCOM program source
     PRNFAX.PAS     - Fax print demo
     PRNFAXO.PAS    - Fax print demo
     READ.ME!       - Bonus - Info about bonus files
     SAMPLE.CMD     - FAXSRVR sample command file
     SIMPRCV.PAS    - Fax receive demo
     SIMPRCVO.PAS   - Fax receive demo
     TERMWIN.PCD    - Terminal window unit

     TPFAX.INI      - TPFAX - config file
     TPFAX.PAS      - TpFax main program source

     TPFCOLOR.PAS   - TpFax program source
     TPFERROR.PAS   - TpFax program source
     TPFMENU.PAS    - TpFax program source
     TPFOVR.PAS     - TpFax program source

     TPFVIEW.ICD    - TpFax program source
     TPFVIEW.PAS    - TpFax program source

     TTERM.PAS      - Terminal program interface to BACK
     TTERMO.PAS     - Terminal program interface to BACKO
     TWTEST.PAS     - TerminalWindow example
     UARTID.PAS     - UART ID demo program source
     ZIP.PAS        - Zip compress demo program
     ZIPEXT.PAS     - Zip extract example program
     ZIPEXTO.PAS    - Zip extract example program
     ZIPLIST.PAS    - Zip list example program
     ZIPLISTO.PAS   - Zip list example program
     ZIPO.PAS       - Zip compress demo program
     ZIPV.PAS       - Zip view demo program
     ZIPVO.PAS      - Zip view demo program
     ZIPX.PAS       - Zip extract demo program

     ZIPXO.PAS      - Zip extract demo program


  Alphabetical listing of files
  =============================

   File Name     Disk / Archive
  ============   ==============

  APABSFAX.PA0   3 / FILES3.LZH  - Base fax interface unit
  APABSFAX.PAS   3 / FILES3.LZH  - Base fax unit
  APABSFAX.TXT   2 / FILES2.LZH  - Apro help text file

  APABSPCL.PA0   3 / FILES3.LZH  - Base protocol support unit
  APABSPCL.PAS   2 / FILES2.LZH  - Base protocol support unit
  APABSPCL.TXT   2 / FILES2.LZH  - Apro help text file

  APANSI.PAS     3 / FILES3.LZH  - ANSI support unit
  APANSI.TXT     3 / FILES3.LZH  - Apro help text file

  APARCHIV.PA0   3 / FILES3.LZH  - Archive unit
  APARCHIV.PAS   3 / FILES3.LZH  - Archive unit
  APARCHIV.TXT   2 / FILES2.LZH  - Apro help text file

  APASCII.PA0    3 / FILES3.LZH  - ASCII file transfer protocol unit
  APASCII.PAS    3 / FILES3.LZH  - ASCII file transfer protocol unit
  APASCII.TXT    3 / FILES3.LZH  - Apro help text file

  APBPLUS.PA0    3 / FILES3.LZH  - B+ file transfer protocol unit
  APBPLUS.PAS    2 / FILES2.LZH  - B+ file transfer protocol unit
  APBPLUS.TXT    3 / FILES3.LZH  - Apro help text file

  APCOM.PA0      3 / FILES3.LZH  - Non-OOP interface layer
  APCOM.PA1      2 / FILES2.LZH  - Non-OOP interface layer
  APCOM.PA2      3 / FILES3.LZH  - Non-OOP interface layer
  APCOM.PAS      3 / FILES3.LZH  - Non-OOP interface layer
  APCOM.TXT      2 / FILES2.LZH  - Apro help text file

  APCOMD.PAD     3 / FILES3.LZH  - Basic communications DLL source
  APCOMD.PAS     3 / FILES3.LZH  - Basic communications import unit

  APCONFIG.1     3 / FILES3.LZH  - APUART.ASM standard configuration
  APCONFIG.2     3 / FILES3.LZH  - APUART.ASM standard logging config
  APCONFIG.3     3 / FILES3.LZH  - APUART.ASM status config
  APCONFIG.4     3 / FILES3.LZH  - APUART.ASM status logging config
  APCONFIG.5     3 / FILES3.LZH  - APUART.ASM hardware flow only config
  APCONFIG.6     3 / FILES3.LZH  - APUART.ASM software flow only config
  APCONFIG.7     3 / FILES3.LZH  - APUART.ASM basic config
  APCONFIG.9     3 / FILES3.LZH  - APUART.ASM user defined config
  APCONFIG.ASM   3 / FILES3.LZH  - APUART.ASM configuration file

  APCOUR.PAS     3 / FILES3.LZH  - USR Courier modem unit
  APDEFINE.INC   3 / FILES3.LZH  - Apro global setup and defines

  APDIGI14.PA0   3 / FILES3.LZH  - DigiBoard device layer interface
  APDIGI14.PAS   2 / FILES2.LZH  - DigiBoard device layer
  APDIGI14.TXT   3 / FILES3.LZH  - Apro help text file

  APFAX.FNT      3 / FILES3.LZH  - Standard fax font file
  APFAX.OBJ      3 / FILES3.LZH  - OBJ version of fax font for linking

  APFAX12.PA0    3 / FILES3.LZH  - Class 1 and 2 fax interface unit
  APFAX12.PAS    2 / FILES2.LZH  - Class 1 and 2 fax unit
  APFAX12.TXT    3 / FILES3.LZH  - Apro help text file

  APFAXCAS.PA0   3 / FILES3.LZH  - CAS fax interface unit
  APFAXCAS.PAS   2 / FILES2.LZH  - CAS fax unit
  APFAXCAS.TXT   3 / FILES3.LZH  - Apro help text file

  APFAXCVT.PA0   2 / FILES2.LZH  - Fax converter interface unit
  APFAXCVT.PAS   2 / FILES2.LZH  - Fax converter unit
  APFAXCVT.TXT   2 / FILES2.LZH  - Apro help text file

  APFAXD.PAD     3 / FILES3.LZH  - Fax DLL source
  APFAXD.PAS     3 / FILES3.LZH  - Fax DLL import unit

  APFAXPRN.PAS   2 / FILES2.LZH  - Fax printing support unit

  APFOSSIL.PA0   3 / FILES3.LZH  - FOSSIL device layer interface
  APFOSSIL.PAS   2 / FILES2.LZH  - FOSSIL device layer
  APFOSSIL.TXT   3 / FILES3.LZH  - Apro help text file

  APINI.PA0      3 / FILES3.LZH  - Basic INI file access
  APINI.PAS      3 / FILES3.LZH  - Basic INI file access

  APINIDB.PA0    3 / FILES3.LZH  - INI database access
  APINIDB.PAS    3 / FILES3.LZH  - INI database access

  APINT14.PA0    3 / FILES3.LZH  - INT 14 device layer interface
  APINT14.PAS    3 / FILES3.LZH  - INT 14 device layer
  APINT14.TXT    3 / FILES3.LZH  - Apro help text file

  APKERMIT.PA0   3 / FILES3.LZH  - KERMIT file transfer protocol unit
  APKERMIT.PA1   2 / FILES2.LZH  - KERMIT file transfer protocol unit
  APKERMIT.PA2   2 / FILES2.LZH  - KERMIT file transfer protocol unit
  APKERMIT.PAS   3 / FILES3.LZH  - KERMIT file transfer protocol unit
  APKERMIT.TXT   3 / FILES3.LZH  - Apro help text file

  APLHA.ASM      2 / FILES2.LZH  - Lha compression/decompression code
  APLHA.OBJ      1 / FILES1.LZH  - Lha compression/decompression code

  APLZH.ASM      2 / FILES2.LZH  - Lzh compression/decompression code
  APLZH.OBJ      3 / FILES3.LZH  - Lzh compression/decompression code
  APLZH.PA0      3 / FILES3.LZH  - Lzh compression/decompression unit
  APLZH.PA1      2 / FILES2.LZH  - Lzh compression/decompression unit
  APLZH.PA2      2 / FILES2.LZH  - Lzh compression/decompression unit
  APLZH.PA3      3 / FILES3.LZH  - Lzh compression/decompression unit
  APLZH.PAS      3 / FILES3.LZH  - Lzh compression/decompression code
  APLZH.TXT      2 / FILES2.LZH  - Apro help text file

  APLZHD.PAD     3 / FILES3.LZH  - Lzh Compression DLL source
  APLZHD.PAS     3 / FILES3.LZH  - Lzh Compression DLL import unit

  APMCOM.PAS     3 / FILES3.LZH  - Microcom modem unit

  APMISC.PA0     2 / FILES2.LZH  - Global constants and utilities
  APMISC.PA1     3 / FILES3.LZH  - Global constants and utilities
  APMISC.PAS     2 / FILES2.LZH  - Global constants and utilities
  APMISC.TXT     2 / FILES2.LZH  - Apro help text file

  APMODDB.PA0    3 / FILES3.LZH  - Modem database access
  APMODDB.PAS    3 / FILES3.LZH  - Modem database access

  APMODEM.PA1    2 / FILES2.LZH  - Modem handling unit
  APMODEM.PAS    2 / FILES2.LZH  - Modem handling unit
  APMODEM.TXT    2 / FILES2.LZH  - Apro help text file

  APMODEM2.PA0   3 / FILES3.LZH  - Modem control
  APMODEM2.PAS   2 / FILES2.LZH  - Modem control

  APPORT.PA0     2 / FILES2.LZH  - Port handling unit interface
  APPORT.PAS     2 / FILES2.LZH  - Port handling unit
  APPORT.TXT     2 / FILES2.LZH  - Apro help text file

  APPROTD.PAD    3 / FILES3.LZH  - Protocol DLL source
  APPROTD.PAS    3 / FILES3.LZH  - Protocol DLL import unit

  APRO.MAK       3 / FILES3.LZH  - Apro procedure version make file
  APRO.TPH       1 / FILES1.LZH  - Apro help in Borland format
  APRO.TXT       3 / FILES3.LZH  - Apro help text file

  APROIND.TXT    2 / FILES2.LZH  - Apro extended index file
  APROO.MAK      3 / FILES3.LZH  - Apro OOP version make file

  APTFDD.PAS     3 / FILES3.LZH  - Text file device driver unit
  APTFDD.TXT     3 / FILES3.LZH  - Apro help text file

  APTIMER.PA0    3 / FILES3.LZH  - Timer unit interface
  APTIMER.PAS    3 / FILES3.LZH  - Timer unit
  APTIMER.TXT    3 / FILES3.LZH  - Apro help text file

  APUART.ASM     2 / FILES2.LZH  - UART ISR and unit asm file
  APUART.PA0     3 / FILES3.LZH  - UART unit interface
  APUART.PAS     2 / FILES2.LZH  - UART unit
  APUART.TXT     3 / FILES3.LZH  - Apro help text file

  APUART1.OBJ    3 / FILES3.LZH  - UART ISR and unit obj file
  APUART2.OBJ    3 / FILES3.LZH  - UART ISR and unit obj file
  APUART3.OBJ    3 / FILES3.LZH  - UART ISR and unit obj file
  APUART4.OBJ    3 / FILES3.LZH  - UART ISR and unit obj file
  APUART5.OBJ    3 / FILES3.LZH  - UART ISR and unit obj file
  APUART6.OBJ    3 / FILES3.LZH  - UART ISR and unit obj file
  APUART7.OBJ    3 / FILES3.LZH  - UART ISR and unit obj file
  APUART9.OBJ    3 / FILES3.LZH  - UART ISR and unit obj file

  APXMODEM.PA0   3 / FILES3.LZH  - XModem file transfer protocol unit
  APXMODEM.PAS   2 / FILES2.LZH  - XModem file transfer protocol unit
  APXMODEM.TXT   3 / FILES3.LZH  - Apro help text file

  APYMODEM.PA0   3 / FILES3.LZH  - YModem file transfer protocol unit
  APYMODEM.PAS   2 / FILES2.LZH  - YModem file transfer protocol unit
  APYMODEM.TXT   3 / FILES3.LZH  - Apro help text file

  APZIP.PA0      3 / FILES3.LZH  - Zip compression/decompression unit
  APZIP.PA1      2 / FILES2.LZH  - Zip compression/decompression unit
  APZIP.PA2      2 / FILES2.LZH  - Zip compression/decompression unit
  APZIP.PA3      2 / FILES2.LZH  - Zip compression/decompression unit
  APZIP.PA4      2 / FILES2.LZH  - Zip compression/decompression unit
  APZIP.PAS      3 / FILES3.LZH  - Zip compression/decompression unit
  APZIP.TXT      2 / FILES2.LZH  - Apro help text file

  APZIPD.PAD     3 / FILES3.LZH  - Zip Compression DLL source
  APZIPD.PAS     3 / FILES3.LZH  - Zip Compression DLL import unit

  APZMODEM.PA0   3 / FILES3.LZH  - ZModem file transfer protocol unit
  APZMODEM.PA1   3 / FILES3.LZH  - ZModem file transfer protocol unit
  APZMODEM.PA2   2 / FILES2.LZH  - ZModem file transfer protocol unit
  APZMODEM.PAS   3 / FILES3.LZH  - ZModem file transfer protocol unit
  APZMODEM.TXT   3 / FILES3.LZH  - Apro help text file

  AWMODEM.INI    3 / FILES3.LZH  - Modem database
  BACK.PAS       2 / FILES2.LZH  - Background protocol TSR

  BACKO.EXE      1 / FILES1.LZH  - Background protocol TSR executable
  BACKO.PAS      2 / FILES2.LZH  - Background protocol TSR

  CAS12.COM      2 / FILES2.LZH  - Bonus - CAS spec version 1.2
  CHECKIRQ.LZH   3 / FILES3.LZH  - Bonus - IRQ checking utility

  COMTEST.EXE    1 / FILES1.LZH  - COMM Test demo program
  COMTEST.PAS    2 / FILES2.LZH  - COMM Test demo program

  COMTESTO.PAS   2 / FILES2.LZH  - COMM test demo program
  COMUTIL.PAS    3 / FILES3.LZH  - Support unit for SIMPCOM
  CTWTEST.PAS    3 / FILES3.LZH  - CaptureTerminalWindow example
  CVT2FAX.PAS    3 / FILES3.LZH  - Text to fax converter demo
  CVT2FAXO.PAS   3 / FILES3.LZH  - Text to fax converter demo
  CVTPCL.LZH     1 / FILES1.LZH  - Bonus - Converts PCL files
  DLGSTUFF.PAS   2 / FILES2.LZH  - TpFax program source
  DPMI.PAS       2 / FILES2.LZH  - P-Mode support unit
  DTEST.PAS      3 / FILES3.LZH  - Terminal window example
  DTESTO.PAS     3 / FILES3.LZH  - DigiBoard terminal/protocol example

  ERRORS.ASM     3 / FILES3.LZH  - TpFax program source
  ERRORS.OBJ     3 / FILES3.LZH  - TpFax program source

  EXANSI.PAS     3 / FILES3.LZH  - ANSI demo program source
  EXANSWER.PAS   3 / FILES3.LZH  - Modem answer example
  EXANSWRO.PAS   3 / FILES3.LZH  - Modem answer example
  EXBPLUS.PAS    3 / FILES3.LZH  - B+ protocol example
  EXBPLUSO.PAS   3 / FILES3.LZH  - B+ example program
  EXCORE.PAS     3 / FILES3.LZH  - Core routines demo program source
  EXCVT.PAS      3 / FILES3.LZH  - Fax convert example program
  EXCVTO.PAS     3 / FILES3.LZH  - Fax convert example program
  EXDIAL.PAS     3 / FILES3.LZH  - Modem dial example
  EXDIALER.PAS   3 / FILES3.LZH  - OPRO based dialer example
  EXDIALO.PAS    3 / FILES3.LZH  - Modem dial example
  EXDOOR.LZH     2 / FILES2.LZH  - Bonus - BBS door units
  EXEMU.PAS      3 / FILES3.LZH  - TerminalEmulator example
  EXINI.PAS      3 / FILES3.LZH  - INI file access example
  EXINIDB.PAS    3 / FILES3.LZH  - INI database example
  EXINIDBO.PAS   3 / FILES3.LZH  - INI database example
  EXINIO.PAS     3 / FILES3.LZH  - INI file access example
  EXLOAD1.PAS    3 / FILES3.LZH  - Stream load example
  EXLZH.PAS      3 / FILES3.LZH  - Lzh compress example program
  EXLZHO.PAS     3 / FILES3.LZH  - Lzh compress example program
  EXMODDB.PAS    3 / FILES3.LZH  - Modem database example
  EXMODDBO.PAS   3 / FILES3.LZH  - Modem database example
  EXSEND.PAS     3 / FILES3.LZH  - Fax send example program
  EXSENDO.PAS    3 / FILES3.LZH  - Fax send example program
  EXSTORE1.PAS   3 / FILES3.LZH  - Stream store example
  EXTERM.PAS     3 / FILES3.LZH  - Terminal example
  EXTERMO.PAS    3 / FILES3.LZH  - Terminal example
  EXTFDD.PAS     3 / FILES3.LZH  - Text File Device Driver example
  EXTFDDO.PAS    3 / FILES3.LZH  - Text File Device Driver example
  EXTIMER.PAS    3 / FILES3.LZH  - Timer demo program source
  EXTRACE.PAS    3 / FILES3.LZH  - Tracing example
  EXTRACEO.PAS   3 / FILES3.LZH  - Trace example
  EXXFR.PAS      3 / FILES3.LZH  - Protocol transfer example
  EXXFR1.PAS     3 / FILES3.LZH  - Protocol transfer example
  EXXFR2.PAS     3 / FILES3.LZH  - Protocol transfer example
  EXXFR3.PAS     3 / FILES3.LZH  - Protocol transfer example
  EXXFRO.PAS     3 / FILES3.LZH  - Protocol transfer example
  EXXFRO1.PAS    3 / FILES3.LZH  - Protocol transfer example
  EXXFRO2.PAS    3 / FILES3.LZH  - Protocol transfer example
  EXXFRO3.PAS    3 / FILES3.LZH  - Protocol transfer example
  EXZIP.PAS      3 / FILES3.LZH  - Zip compress example program
  EXZIPO.PAS     3 / FILES3.LZH  - Zip compress example program
  FASTUPD.203    1 / FILES1.LZH  - Info for EMS patch users

  FASTW1.ASM     3 / FILES3.LZH  - Fast screen management asm file
  FASTW1.OBJ     3 / FILES3.LZH  - Fast screen management obj file
  FASTW1.PAS     3 / FILES3.LZH  - Fast screen management unit

  FAX2PCX.PAS    3 / FILES3.LZH  - Fax convert to pcx demo
  FAX2PCXO.PAS   3 / FILES3.LZH  - Fax convert to pcx demo
  FAXDATA.LZH    3 / FILES3.LZH  - Bonus - Detects fax vs data calls

  FAXSRVR.INI    3 / FILES3.LZH  - Fax receive server demo
  FAXSRVR.PAS    2 / FILES2.LZH  - Fax receive server demo

  FAXSRVRO.INI   3 / FILES3.LZH  - Fax receive server demo
  FAXSRVRO.PAS   2 / FILES2.LZH  - Fax receive server demo

  FNTDOC.LZH     3 / FILES3.LZH  - Bonus - Doc file for APFAX.FNT format
  FSCLIST.PAS    3 / FILES3.LZH  - FAXSRVR common source
  FSINI.PAS      3 / FILES3.LZH  - FAXSRVR common source
  FSMISC.PAS     3 / FILES3.LZH  - FAXSRVR common source
  FTEST.PAS      3 / FILES3.LZH  - FOSSIL terminal/protocol example
  FTESTO.PAS     3 / FILES3.LZH  - FOSSIL terminal/protocol example
  FX.PAS         2 / FILES2.LZH  - File transfer demo program
  FXO.PAS        2 / FILES2.LZH  - File transfer demo program
  INITOOLS.PAS   2 / FILES2.LZH  - TpFax program source
  INTLOG.LZH     2 / FILES2.LZH  - Bonus - Interrupt tracking utility
  LEAKCHEK.PAS   3 / FILES3.LZH  - Internal memory leak check unit

  LHA.EXE        1 / FILES1.LZH  - Archive program
  LHA.HLP        1 / FILES1.LZH  - Archive program documentation file

  LZH.PAS        3 / FILES3.LZH  - Lzh compress demo program
  LZHEXT.PAS     3 / FILES3.LZH  - Lzh extract example program
  LZHEXTO.PAS    3 / FILES3.LZH  - Lzh extract example program
  LZHLIST.PAS    3 / FILES3.LZH  - Lzh list example program
  LZHLISTO.PAS   3 / FILES3.LZH  - Lzh list example program
  LZHO.PAS       3 / FILES3.LZH  - Lzh compress demo program
  LZHV.PAS       3 / FILES3.LZH  - Lzh view demo program
  LZHVO.PAS      3 / FILES3.LZH  - Lzh view demo program
  LZHX.PAS       3 / FILES3.LZH  - Lzh extract demo program
  LZHXO.PAS      3 / FILES3.LZH  - Lzh extract demo program
  MAKEHELP.EXE   2 / FILES2.LZH  - Help compiler
  MEGAPAGA.EXE   2 / FILES2.LZH  - Utility to add index refs to help

  MODDEMO.EXE    1 / FILES1.LZH  - Modem database demonstration
  MODDEMO.PAS    2 / FILES2.LZH  - Modem database demonstration

  MODEM.LZH      3 / FILES3.LZH  - Bonus - List of faxmodems
  MODEM.OPL      3 / FILES3.LZH  - OOPCOM support file

  MODEM2.DOC     2 / FILES2.LZH  - Documentation for new modem units
  MODEMID.LZH    3 / FILES3.LZH  - Bonus - Modem ID bonus program
  MODLIB.LZH     3 / FILES3.LZH  - Bonus - Creates OOPCOM's modem library
  OOABSFAX.PAS   2 / FILES2.LZH  - Base fax unit
  OOABSPCL.PAS   2 / FILES2.LZH  - Base protocol support unit
  OOARCHIV.PAS   3 / FILES3.LZH  - Archive unit
  OOASCII.PAS    3 / FILES3.LZH  - ASCII file transfer protocol unit
  OOBPLUS.PAS    2 / FILES2.LZH  - B+ file transfer protocol unit

  OOCOM.PA1      2 / FILES2.LZH  - OOP interface layer
  OOCOM.PA2      2 / FILES2.LZH  - OOP interface layer
  OOCOM.PAS      3 / FILES3.LZH  - OOP interface layer

  OOEMU.PAS      3 / FILES3.LZH  - Emulator unit
  OOEMU.TXT      3 / FILES3.LZH  - Apro help text file

  OOFAX12.PAS    2 / FILES2.LZH  - Class 1 and 2 fax unit
  OOFAXCAS.PAS   2 / FILES2.LZH  - CAS fax unit
  OOFAXCMP.LZH   2 / FILES2.LZH  - Bonus - Fax file composer program
  OOFAXCVT.PAS   2 / FILES2.LZH  - Fax converter unit
  OOFAXPRN.PAS   2 / FILES2.LZH  - Fax printing support unit

  OOINI.PA0      2 / FILES2.LZH  - Basic INI file access
  OOINI.PAS      3 / FILES3.LZH  - Basic INI file access

  OOINIDB.PAS    3 / FILES3.LZH  - INI database access

  OOKERMIT.PA1   2 / FILES2.LZH  - KERMIT file transfer protocol unit
  OOKERMIT.PA2   2 / FILES2.LZH  - KERMIT file transfer protocol init
  OOKERMIT.PAS   3 / FILES3.LZH  - KERMIT file transfer protocol unit

  OOLZH.ASM      2 / FILES2.LZH  - Lzh compression/decompression code
  OOLZH.OBJ      3 / FILES3.LZH  - Lzh compression/decompression code
  OOLZH.PA1      2 / FILES2.LZH  - Lzh compression/decompression unit
  OOLZH.PA2      2 / FILES2.LZH  - Lzh compression/decompression unit
  OOLZH.PA3      3 / FILES3.LZH  - Lzh compression/decompression unit
  OOLZH.PAS      3 / FILES3.LZH  - Lzh compression/decompression unit

  OOMODDB.PAS    3 / FILES3.LZH  - Modem database access

  OOMODEM.PA1    2 / FILES2.LZH  - Modem handling unit
  OOMODEM.PAS    2 / FILES2.LZH  - Modem handling unit

  OOMODEM2.PAS   2 / FILES2.LZH  - Modem control

  OOPCOM.CFG     3 / FILES3.LZH  - OOPCOM configuration file
  OOPCOM.EXE     1 / FILES1.LZH  - OOPCOM executable
  OOPCOM.HLP     2 / FILES2.LZH  - OOPCOM compiled help
  OOPCOM.OVR     1 / FILES1.LZH  - OOPCOM overlay
  OOPCOM.PAS     3 / FILES3.LZH  - OOPCOM main program source
  OOPCOM.PB      3 / FILES3.LZH  - OOPCOM phonebook
  OOPCOM.TXT     2 / FILES2.LZH  - OOPCOM help text file

  OOPINST.EXE    1 / FILES1.LZH  - OOPCOM config program
  OOPINST.PAS    3 / FILES3.LZH  - OOPCOM install program source

  OOPINSTM.PA1   2 / FILES2.LZH  - OOPCOM install program source
  OOPINSTM.PAS   2 / FILES2.LZH  - OOPCOM install program source

  OOPMAIN.PA1    2 / FILES2.LZH  - OOPCOM program source
  OOPMAIN.PA2    2 / FILES2.LZH  - OOPCOM program source
  OOPMAIN.PA3    2 / FILES2.LZH  - OOPCOM program source
  OOPMAIN.PAS    2 / FILES2.LZH  - OOPCOM program source
  OOPMAIN.PCD    2 / FILES2.LZH  - OOPCOM program source

  OOPMAIN0.PAS   3 / FILES3.LZH  - OOPCOM program source
  OOPMAIN1.PAS   3 / FILES3.LZH  - OOPCOM program source
  OOPMAIN2.PAS   2 / FILES2.LZH  - OOPCOM program source
  OOTFDD.PAS     3 / FILES3.LZH  - Text file device driver unit

  OOUI.PAS       2 / FILES2.LZH  - OOPCOM program source
  OOUI.PCD       3 / FILES3.LZH  - OOPCOM program source

  OOXMODEM.PAS   2 / FILES2.LZH  - XModem file transfer protocol unit
  OOYMODEM.PAS   2 / FILES2.LZH  - YModem file transfer protocol unit

  OOZIP.PA1      2 / FILES2.LZH  - Zip compression/decompression unit
  OOZIP.PA2      2 / FILES2.LZH  - Zip compression/decompression unit
  OOZIP.PA3      2 / FILES2.LZH  - Zip compression/decompression unit
  OOZIP.PA4      2 / FILES2.LZH  - Zip compression/decompression unit
  OOZIP.PAS      3 / FILES3.LZH  - Zip compression/decompression unit

  OOZMODEM.PA1   3 / FILES3.LZH  - ZModem file transfer protocol unit
  OOZMODEM.PA2   2 / FILES2.LZH  - ZModem file transfer protocol unit
  OOZMODEM.PAS   2 / FILES2.LZH  - ZModem file transfer protocol unit

  OPDIALER.DOC   3 / FILES3.LZH  - OPRO-based dialer documentation
  OPDIALER.PAS   3 / FILES3.LZH  - OPRO-based dialer

  OPXTREE.PAS    3 / FILES3.LZH  - TpFax program source
  OVERINIT.PAS   3 / FILES3.LZH  - OOPCOM program source
  PATCH.EXE      2 / FILES2.LZH  - Bonus - Utility for electronic updates
  POPHELP.EXE    1 / FILES1.LZH  - Pop-Up help system
  PRINTDOC.EXE   1 / FILES1.LZH  - Text file print utility
  PRNFAX.PAS     3 / FILES3.LZH  - Fax print demo
  PRNFAXO.PAS    3 / FILES3.LZH  - Fax print demo
  PROTDOC.LZH    2 / FILES2.LZH  - Bonus - Protocol documentation
  QCOM.LZH       2 / FILES2.LZH  - Bonus - DOS comm spy utility

  READ.1ST       1 / FILES1.LZH  - Latest news about APRO 2.0
  READ.ME        1 / FILES1.LZH  - General read me file
  READ.ME!       3 / FILES3.LZH  - Bonus - Info about bonus files

  RFAX.PAS       2 / FILES2.LZH  - Background fax receive TSR

  RFAXO.EXE      1 / FILES1.LZH  - Background fax receive demo
  RFAXO.PAS      2 / FILES2.LZH  - Background fax receive TSR

  RMTCTL.LZH     2 / FILES2.LZH  - Bonus - Remote control utility
  SAMPLE.CMD     3 / FILES3.LZH  - FAXSRVR sample command file
  SCRIPT.LZH     2 / FILES2.LZH  - Bonus - Script engine
  SHOWFAX.PAS    2 / FILES2.LZH  - Fax display demo
  SHOWFAXO.PAS   2 / FILES2.LZH  - Fax display demo

  SIMPCOM.DAT    1 / FILES1.LZH  - Data file for SIMPCOM
  SIMPCOM.PAS    2 / FILES2.LZH  - Simple OOP communications demo

  SIMPRCV.PAS    3 / FILES3.LZH  - Fax receive demo
  SIMPRCVO.PAS   3 / FILES3.LZH  - Fax receive demo
  SIMPSND.PAS    2 / FILES2.LZH  - Fax send demo
  SIMPSNDO.PAS   2 / FILES2.LZH  - Fax send demo
  SPECIALS.TXT   2 / FILES2.LZH  - Apro help text file
  TERMTEST.PAS   2 / FILES2.LZH  - Terminal window example

  TERMWIN.PAS    2 / FILES2.LZH  - Terminal window unit
  TERMWIN.PCD    3 / FILES3.LZH  - Terminal window unit
  TERMWIN.TXT    2 / FILES2.LZH  - Apro help text file

  TPFAX.EXE      1 / FILES1.LZH  - TPFAX - OPRO based fax send demo
  TPFAX.INI      3 / FILES3.LZH  - TPFAX - config file
  TPFAX.OVR      2 / FILES2.LZH  - TPFAX - overlay file
  TPFAX.PAS      3 / FILES3.LZH  - TpFax main program source
  TPFAX.PB       1 / FILES1.LZH  - TPFAX - phone book file

  TPFCOLOR.PAS   3 / FILES3.LZH  - TpFax program source
  TPFDATA.PAS    2 / FILES2.LZH  - TpFax program source
  TPFDIA.PAS     2 / FILES2.LZH  - TpFax program source
  TPFERROR.PAS   3 / FILES3.LZH  - TpFax program source
  TPFMAIN.PAS    2 / FILES2.LZH  - TpFax program source
  TPFMENU.PAS    3 / FILES3.LZH  - TpFax program source
  TPFOVR.PAS     3 / FILES3.LZH  - TpFax program source

  TPFVIEW.ICD    3 / FILES3.LZH  - TpFax program source
  TPFVIEW.PAS    3 / FILES3.LZH  - TpFax program source

  TTERM.PAS      3 / FILES3.LZH  - Terminal program interface to BACK
  TTERMO.PAS     3 / FILES3.LZH  - Terminal program interface to BACKO
  TWTEST.PAS     3 / FILES3.LZH  - TerminalWindow example
  TXBROWSE.PAS   2 / FILES2.LZH  - FAXSRVR common source
  UARTID.PAS     3 / FILES3.LZH  - UART ID demo program source
  ZIP.PAS        3 / FILES3.LZH  - Zip compress demo program
  ZIPEXT.PAS     3 / FILES3.LZH  - Zip extract example program
  ZIPEXTO.PAS    3 / FILES3.LZH  - Zip extract example program
  ZIPLIST.PAS    3 / FILES3.LZH  - Zip list example program
  ZIPLISTO.PAS   3 / FILES3.LZH  - Zip list example program
  ZIPO.PAS       3 / FILES3.LZH  - Zip compress demo program
  ZIPV.PAS       3 / FILES3.LZH  - Zip view demo program
  ZIPVO.PAS      3 / FILES3.LZH  - Zip view demo program
  ZIPX.PAS       3 / FILES3.LZH  - Zip extract demo program

  ZIPXO.PAS      3 / FILES3.LZH  - Zip extract demo program

